Using python3.13 (Python 3.13.13)
Installing dependencies...
WARNING: Ignoring invalid distribution ~ocket-option (/home/ignite/Documents/Personal_Projects/pocket_option-0.4.0/.venv/lib/python3.13/site-packages)
WARNING: Ignoring invalid distribution ~ocket-option (/home/ignite/Documents/Personal_Projects/pocket_option-0.4.0/.venv/lib/python3.13/site-packages)
WARNING: Ignoring invalid distribution ~ocket-option (/home/ignite/Documents/Personal_Projects/pocket_option-0.4.0/.venv/lib/python3.13/site-packages)
WARNING: Ignoring invalid distribution ~ocket-option (/home/ignite/Documents/Personal_Projects/pocket_option-0.4.0/.venv/lib/python3.13/site-packages)
WARNING: Ignoring invalid distribution ~ocket-option (/home/ignite/Documents/Personal_Projects/pocket_option-0.4.0/.venv/lib/python3.13/site-packages)
WARNING: Ignoring invalid distribution ~ocket-option (/home/ignite/Documents/Personal_Projects/pocket_option-0.4.0/.venv/lib/python3.13/site-packages)
  WARNING: Ignoring invalid distribution ~ocket-option (/home/ignite/Documents/Personal_Projects/pocket_option-0.4.0/.venv/lib/python3.13/site-packages)
WARNING: Ignoring invalid distribution ~ocket-option (/home/ignite/Documents/Personal_Projects/pocket_option-0.4.0/.venv/lib/python3.13/site-packages)
    WARNING: Ignoring invalid distribution ~ocket-option (/home/ignite/Documents/Personal_Projects/pocket_option-0.4.0/.venv/lib/python3.13/site-packages)
WARNING: Ignoring invalid distribution ~ocket-option (/home/ignite/Documents/Personal_Projects/pocket_option-0.4.0/.venv/lib/python3.13/site-packages)
Loading environment from /home/ignite/Documents/Personal_Projects/pocket_option-0.4.0/.env
Starting web app on http://127.0.0.1:8081
2026-09-10 22:29:37,064 | INFO | Using Redis-backed candle storage (REDIS_URL=redis://localhost:6380/0)
2026-09-10 22:29:37,700 | INFO | 127.0.0.1 [10/Sep/2026:22:29:37 +0100] "GET / HTTP/1.1" 200 27903 "-" "Mozilla/5.0 (X11; Linux x86_64) AppleWebKit/537.36 (KHTML, like Gecko) Chrome/147.0.0.0 Safari/537.36"
2026-09-10 22:29:37,815 | INFO | 127.0.0.1 [10/Sep/2026:22:29:37 +0100] "GET /api/assets HTTP/1.1" 200 160 "http://127.0.0.1:8081/" "Mozilla/5.0 (X11; Linux x86_64) AppleWebKit/537.36 (KHTML, like Gecko) Chrome/147.0.0.0 Safari/537.36"
2026-09-10 22:29:39,778 | INFO | Resubscribed 3 asset(s) (0 priority, 3 paced) in 0.09s
2026-09-10 22:29:41,188 | INFO | 127.0.0.1 [10/Sep/2026:22:29:38 +0100] "GET /ws HTTP/1.1" 101 0 "-" "Mozilla/5.0 (X11; Linux x86_64) AppleWebKit/537.36 (KHTML, like Gecko) Chrome/147.0.0.0 Safari/537.36"
2026-09-10 22:29:57,069 | INFO | heartbeat: authorized=True subscribed_assets=151 last_tick_age=6s
packet queue is empty, aborting
2026-09-10 22:30:09,944 | ERROR | packet queue is empty, aborting
2026-09-10 22:30:09,979 | ERROR | Task exception was never retrieved
future: <Task finished name='Task-462' coro=<AsyncClient._handle_eio_message() done, defined at /home/ignite/Documents/Personal_Projects/pocket_option-0.4.0/.venv/lib/python3.13/site-packages/socketio/async_client.py:563> exception=ValueError("invalid literal for int() with base 10: b'{'")>
Traceback (most recent call last):
  File "/home/ignite/Documents/Personal_Projects/pocket_option-0.4.0/.venv/lib/python3.13/site-packages/socketio/async_client.py", line 574, in _handle_eio_message
    pkt = self.packet_class(encoded_packet=data)
  File "/home/ignite/Documents/Personal_Projects/pocket_option-0.4.0/.venv/lib/python3.13/site-packages/socketio/packet.py", line 43, in __init__
    self.attachment_count = self.decode(encoded_packet) or 0
                            ~~~~~~~~~~~^^^^^^^^^^^^^^^^
  File "/home/ignite/Documents/Personal_Projects/pocket_option-0.4.0/.venv/lib/python3.13/site-packages/socketio/packet.py", line 77, in decode
    self.packet_type = int(ep[0:1])
                       ~~~^^^^^^^^^
ValueError: invalid literal for int() with base 10: b'{'
2026-09-10 22:30:17,070 | INFO | heartbeat: authorized=True subscribed_assets=151 last_tick_age=2s
2026-09-10 22:30:18,777 | INFO | Resubscribed 151 asset(s) (0 priority, 151 paced) in 4.69s
2026-09-10 22:30:30,695 | INFO | 127.0.0.1 [10/Sep/2026:22:29:37 +0100] "GET /ws HTTP/1.1" 101 0 "-" "Mozilla/5.0 (X11; Linux x86_64) AppleWebKit/537.36 (KHTML, like Gecko) Chrome/147.0.0.0 Safari/537.36"
2026-09-10 22:30:31,745 | INFO | 127.0.0.1 [10/Sep/2026:22:29:38 +0100] "GET /ws HTTP/1.1" 101 0 "-" "Mozilla/5.0 (X11; Linux x86_64) AppleWebKit/537.36 (KHTML, like Gecko) Chrome/147.0.0.0 Safari/537.36"
2026-09-10 22:30:37,070 | INFO | heartbeat: authorized=True subscribed_assets=117 last_tick_age=2s
2026-09-10 22:30:57,071 | INFO | heartbeat: authorized=True subscribed_assets=120 last_tick_age=0s
2026-09-10 22:31:17,074 | INFO | heartbeat: authorized=True subscribed_assets=120 last_tick_age=0s
2026-09-10 22:31:37,125 | INFO | heartbeat: authorized=True subscribed_assets=120 last_tick_age=15s
2026-09-10 22:31:57,135 | INFO | heartbeat: authorized=True subscribed_assets=120 last_tick_age=0s
packet queue is empty, aborting
2026-09-10 22:32:28,856 | ERROR | packet queue is empty, aborting
2026-09-10 22:32:46,263 | INFO | heartbeat: authorized=False subscribed_assets=120 last_tick_age=49s
2026-09-10 22:32:49,163 | WARNING | Ignoring malformed 'updateStream' payload: '0{"sid":"cLtJVeQ3AO_Dyo6fDzsG"}'
2026-09-10 22:32:49,167 | WARNING | Ignoring malformed 'updateStream' payload: '0{"sid":"cLtJVeQ3AO_Dyo6fDzsG"}'
2026-09-10 22:33:36,224 | INFO | heartbeat: authorized=True subscribed_assets=120 last_tick_age=0s
2026-09-10 22:33:36,239 | WARNING | #INTC_otc has had no ticks for 46s while other assets kept flowing; re-nudging subscription
2026-09-10 22:33:36,240 | WARNING | #JNJ_otc has had no ticks for 46s while other assets kept flowing; re-nudging subscription
2026-09-10 22:33:36,240 | WARNING | #MCD_otc has had no ticks for 46s while other assets kept flowing; re-nudging subscription
2026-09-10 22:33:36,240 | WARNING | #MSFT_otc has had no ticks for 46s while other assets kept flowing; re-nudging subscription
2026-09-10 22:33:36,241 | WARNING | #PFE_otc has had no ticks for 46s while other assets kept flowing; re-nudging subscription
2026-09-10 22:33:36,241 | WARNING | #TSLA_otc has had no ticks for 46s while other assets kept flowing; re-nudging subscription
2026-09-10 22:33:36,241 | WARNING | #XOM_otc has had no ticks for 46s while other assets kept flowing; re-nudging subscription
2026-09-10 22:33:36,242 | WARNING | 100GBP_otc has had no ticks for 46s while other assets kept flowing; re-nudging subscription
2026-09-10 22:33:36,242 | WARNING | ADA-USD_otc has had no ticks for 46s while other assets kept flowing; re-nudging subscription
2026-09-10 22:33:36,242 | WARNING | AEDCNY_otc has had no ticks for 46s while other assets kept flowing; re-nudging subscription
2026-09-10 22:33:36,243 | WARNING | AMD_otc has had no ticks for 46s while other assets kept flowing; re-nudging subscription
2026-09-10 22:33:36,243 | WARNING | AMZN_otc has had no ticks for 46s while other assets kept flowing; re-nudging subscription
2026-09-10 22:33:36,243 | WARNING | AUDCAD_otc has had no ticks for 46s while other assets kept flowing; re-nudging subscription
2026-09-10 22:33:36,243 | WARNING | AUDCHF_otc has had no ticks for 46s while other assets kept flowing; re-nudging subscription
2026-09-10 22:33:36,244 | WARNING | AUDJPY_otc has had no ticks for 46s while other assets kept flowing; re-nudging subscription
2026-09-10 22:33:36,244 | WARNING | AUDNZD_otc has had no ticks for 46s while other assets kept flowing; re-nudging subscription
2026-09-10 22:33:36,244 | WARNING | AUDUSD_otc has had no ticks for 46s while other assets kept flowing; re-nudging subscription
2026-09-10 22:33:36,245 | WARNING | AUS200_otc has had no ticks for 46s while other assets kept flowing; re-nudging subscription
2026-09-10 22:33:36,245 | WARNING | AVAX_otc has had no ticks for 46s while other assets kept flowing; re-nudging subscription
2026-09-10 22:33:36,245 | WARNING | BABA_otc has had no ticks for 46s while other assets kept flowing; re-nudging subscription
2026-09-10 22:33:36,246 | WARNING | BCHEUR has had no ticks for 46s while other assets kept flowing; re-nudging subscription
2026-09-10 22:33:36,246 | WARNING | BCHGBP has had no ticks for 46s while other assets kept flowing; re-nudging subscription
2026-09-10 22:33:36,246 | WARNING | BCHJPY has had no ticks for 46s while other assets kept flowing; re-nudging subscription
2026-09-10 22:33:36,247 | WARNING | BHDCNY_otc has had no ticks for 46s while other assets kept flowing; re-nudging subscription
2026-09-10 22:33:36,247 | WARNING | BITB_otc has had no ticks for 46s while other assets kept flowing; re-nudging subscription
2026-09-10 22:33:36,247 | WARNING | BNB-USD_otc has had no ticks for 46s while other assets kept flowing; re-nudging subscription
2026-09-10 22:33:36,248 | WARNING | BTCUSD_otc has had no ticks for 46s while other assets kept flowing; re-nudging subscription
2026-09-10 22:33:36,248 | WARNING | CADCHF_otc has had no ticks for 46s while other assets kept flowing; re-nudging subscription
2026-09-10 22:33:36,248 | WARNING | CADJPY_otc has had no ticks for 46s while other assets kept flowing; re-nudging subscription
2026-09-10 22:33:36,249 | WARNING | CHFJPY_otc has had no ticks for 46s while other assets kept flowing; re-nudging subscription
2026-09-10 22:33:36,249 | WARNING | CHFNOK_otc has had no ticks for 46s while other assets kept flowing; re-nudging subscription
2026-09-10 22:33:36,249 | WARNING | CITI_otc has had no ticks for 46s while other assets kept flowing; re-nudging subscription
2026-09-10 22:33:36,250 | WARNING | COIN_otc has had no ticks for 46s while other assets kept flowing; re-nudging subscription
2026-09-10 22:33:36,250 | WARNING | D30EUR_otc has had no ticks for 46s while other assets kept flowing; re-nudging subscription
2026-09-10 22:33:36,250 | WARNING | DASH_USD has had no ticks for 46s while other assets kept flowing; re-nudging subscription
2026-09-10 22:33:36,251 | WARNING | DJI30_otc has had no ticks for 46s while other assets kept flowing; re-nudging subscription
2026-09-10 22:33:36,251 | WARNING | DOGE_otc has had no ticks for 46s while other assets kept flowing; re-nudging subscription
2026-09-10 22:33:36,251 | WARNING | DOTUSD_otc has had no ticks for 46s while other assets kept flowing; re-nudging subscription
2026-09-10 22:33:36,252 | WARNING | E35EUR_otc has had no ticks for 46s while other assets kept flowing; re-nudging subscription
2026-09-10 22:33:36,252 | WARNING | E50EUR_otc has had no ticks for 46s while other assets kept flowing; re-nudging subscription
2026-09-10 22:33:36,252 | WARNING | ETHUSD_otc has had no ticks for 46s while other assets kept flowing; re-nudging subscription
2026-09-10 22:33:36,253 | WARNING | EURCHF_otc has had no ticks for 46s while other assets kept flowing; re-nudging subscription
2026-09-10 22:33:36,253 | WARNING | EURGBP_otc has had no ticks for 46s while other assets kept flowing; re-nudging subscription
2026-09-10 22:33:36,253 | WARNING | EURHUF_otc has had no ticks for 46s while other assets kept flowing; re-nudging subscription
2026-09-10 22:33:36,254 | WARNING | EURNZD_otc has had no ticks for 46s while other assets kept flowing; re-nudging subscription
2026-09-10 22:33:36,254 | WARNING | EURRUB_otc has had no ticks for 46s while other assets kept flowing; re-nudging subscription
2026-09-10 22:33:36,254 | WARNING | EURTRY_otc has had no ticks for 46s while other assets kept flowing; re-nudging subscription
2026-09-10 22:33:36,255 | WARNING | EURUSD_otc has had no ticks for 46s while other assets kept flowing; re-nudging subscription
2026-09-10 22:33:36,255 | WARNING | F40EUR_otc has had no ticks for 46s while other assets kept flowing; re-nudging subscription
2026-09-10 22:33:36,255 | WARNING | FDX_otc has had no ticks for 46s while other assets kept flowing; re-nudging subscription
2026-09-10 22:33:36,256 | WARNING | GBPAUD_otc has had no ticks for 46s while other assets kept flowing; re-nudging subscription
2026-09-10 22:33:36,256 | WARNING | GBPJPY_otc has had no ticks for 46s while other assets kept flowing; re-nudging subscription
2026-09-10 22:33:36,256 | WARNING | GBPUSD_otc has had no ticks for 46s while other assets kept flowing; re-nudging subscription
2026-09-10 22:33:36,257 | WARNING | GME_otc has had no ticks for 46s while other assets kept flowing; re-nudging subscription
2026-09-10 22:33:36,257 | WARNING | IRRUSD_otc has had no ticks for 46s while other assets kept flowing; re-nudging subscription
2026-09-10 22:33:36,257 | WARNING | JODCNY_otc has had no ticks for 46s while other assets kept flowing; re-nudging subscription
2026-09-10 22:33:36,258 | WARNING | JPN225_otc has had no ticks for 46s while other assets kept flowing; re-nudging subscription
2026-09-10 22:33:36,258 | WARNING | KESUSD_otc has had no ticks for 46s while other assets kept flowing; re-nudging subscription
2026-09-10 22:33:36,259 | WARNING | LBPUSD_otc has had no ticks for 46s while other assets kept flowing; re-nudging subscription
2026-09-10 22:33:36,259 | WARNING | LINK_otc has had no ticks for 46s while other assets kept flowing; re-nudging subscription
2026-09-10 22:33:36,259 | WARNING | LTCUSD_otc has had no ticks for 46s while other assets kept flowing; re-nudging subscription
2026-09-10 22:33:36,260 | WARNING | MADUSD_otc has had no ticks for 46s while other assets kept flowing; re-nudging subscription
2026-09-10 22:33:36,260 | WARNING | MARA_otc has had no ticks for 46s while other assets kept flowing; re-nudging subscription
2026-09-10 22:33:36,261 | WARNING | MATIC_otc has had no ticks for 46s while other assets kept flowing; re-nudging subscription
2026-09-10 22:33:36,262 | WARNING | NASUSD_otc has had no ticks for 46s while other assets kept flowing; re-nudging subscription
2026-09-10 22:33:36,262 | WARNING | NFLX_otc has had no ticks for 46s while other assets kept flowing; re-nudging subscription
2026-09-10 22:33:36,262 | WARNING | NGNUSD_otc has had no ticks for 46s while other assets kept flowing; re-nudging subscription
2026-09-10 22:33:36,263 | WARNING | NZDJPY_otc has had no ticks for 46s while other assets kept flowing; re-nudging subscription
2026-09-10 22:33:36,263 | WARNING | NZDUSD_otc has had no ticks for 46s while other assets kept flowing; re-nudging subscription
2026-09-10 22:33:36,263 | WARNING | OMRCNY_otc has had no ticks for 46s while other assets kept flowing; re-nudging subscription
2026-09-10 22:33:36,264 | WARNING | PLTR_otc has had no ticks for 46s while other assets kept flowing; re-nudging subscription
2026-09-10 22:33:36,264 | WARNING | QARCNY_otc has had no ticks for 46s while other assets kept flowing; re-nudging subscription
2026-09-10 22:33:36,264 | WARNING | SARCNY_otc has had no ticks for 46s while other assets kept flowing; re-nudging subscription
2026-09-10 22:33:36,265 | WARNING | SOL-USD_otc has had no ticks for 46s while other assets kept flowing; re-nudging subscription
2026-09-10 22:33:36,265 | WARNING | SP500_otc has had no ticks for 46s while other assets kept flowing; re-nudging subscription
2026-09-10 22:33:36,265 | WARNING | SYPUSD_otc has had no ticks for 46s while other assets kept flowing; re-nudging subscription
2026-09-10 22:33:36,266 | WARNING | TNDUSD_otc has had no ticks for 46s while other assets kept flowing; re-nudging subscription
2026-09-10 22:33:36,266 | WARNING | TON-USD_otc has had no ticks for 46s while other assets kept flowing; re-nudging subscription
2026-09-10 22:33:36,267 | WARNING | TRX-USD_otc has had no ticks for 46s while other assets kept flowing; re-nudging subscription
2026-09-10 22:33:36,267 | WARNING | UAHUSD_otc has had no ticks for 46s while other assets kept flowing; re-nudging subscription
2026-09-10 22:33:36,267 | WARNING | UKBrent_otc has had no ticks for 46s while other assets kept flowing; re-nudging subscription
2026-09-10 22:33:36,268 | WARNING | USCrude_otc has had no ticks for 46s while other assets kept flowing; re-nudging subscription
2026-09-10 22:33:36,268 | WARNING | USDARS_otc has had no ticks for 46s while other assets kept flowing; re-nudging subscription
2026-09-10 22:33:36,268 | WARNING | USDBDT_otc has had no ticks for 46s while other assets kept flowing; re-nudging subscription
2026-09-10 22:33:36,269 | WARNING | USDBRL_otc has had no ticks for 46s while other assets kept flowing; re-nudging subscription
2026-09-10 22:33:36,269 | WARNING | USDCAD_otc has had no ticks for 46s while other assets kept flowing; re-nudging subscription
2026-09-10 22:33:36,269 | WARNING | USDCHF_otc has had no ticks for 46s while other assets kept flowing; re-nudging subscription
2026-09-10 22:33:36,270 | WARNING | USDCLP_otc has had no ticks for 46s while other assets kept flowing; re-nudging subscription
2026-09-10 22:33:36,270 | WARNING | USDCNH_otc has had no ticks for 46s while other assets kept flowing; re-nudging subscription
2026-09-10 22:33:36,270 | WARNING | USDCOP_otc has had no ticks for 46s while other assets kept flowing; re-nudging subscription
2026-09-10 22:33:36,271 | WARNING | USDDZD_otc has had no ticks for 46s while other assets kept flowing; re-nudging subscription
2026-09-10 22:33:36,271 | WARNING | USDEGP_otc has had no ticks for 46s while other assets kept flowing; re-nudging subscription
2026-09-10 22:33:36,271 | WARNING | USDIDR_otc has had no ticks for 46s while other assets kept flowing; re-nudging subscription
2026-09-10 22:33:36,272 | WARNING | USDINR_otc has had no ticks for 46s while other assets kept flowing; re-nudging subscription
2026-09-10 22:33:36,272 | WARNING | USDJPY_otc has had no ticks for 46s while other assets kept flowing; re-nudging subscription
2026-09-10 22:33:36,272 | WARNING | USDMXN_otc has had no ticks for 46s while other assets kept flowing; re-nudging subscription
2026-09-10 22:33:36,273 | WARNING | USDMYR_otc has had no ticks for 46s while other assets kept flowing; re-nudging subscription
2026-09-10 22:33:36,273 | WARNING | USDPHP_otc has had no ticks for 46s while other assets kept flowing; re-nudging subscription
2026-09-10 22:33:36,273 | WARNING | USDPKR_otc has had no ticks for 46s while other assets kept flowing; re-nudging subscription
2026-09-10 22:33:36,274 | WARNING | USDRUB_otc has had no ticks for 46s while other assets kept flowing; re-nudging subscription
2026-09-10 22:33:36,274 | WARNING | USDSGD_otc has had no ticks for 46s while other assets kept flowing; re-nudging subscription
2026-09-10 22:33:36,275 | WARNING | USDTHB_otc has had no ticks for 46s while other assets kept flowing; re-nudging subscription
2026-09-10 22:33:36,275 | WARNING | USDVND_otc has had no ticks for 46s while other assets kept flowing; re-nudging subscription
2026-09-10 22:33:36,275 | WARNING | VISA_otc has had no ticks for 46s while other assets kept flowing; re-nudging subscription
2026-09-10 22:33:36,276 | WARNING | VIX_otc has had no ticks for 46s while other assets kept flowing; re-nudging subscription
2026-09-10 22:33:36,276 | WARNING | XAGUSD_otc has had no ticks for 46s while other assets kept flowing; re-nudging subscription
2026-09-10 22:33:36,276 | WARNING | XAUUSD_otc has had no ticks for 46s while other assets kept flowing; re-nudging subscription
2026-09-10 22:33:36,277 | WARNING | XNGUSD_otc has had no ticks for 46s while other assets kept flowing; re-nudging subscription
2026-09-10 22:33:36,277 | WARNING | XPDUSD_otc has had no ticks for 46s while other assets kept flowing; re-nudging subscription
2026-09-10 22:33:36,277 | WARNING | XPTUSD_otc has had no ticks for 46s while other assets kept flowing; re-nudging subscription
2026-09-10 22:33:36,278 | WARNING | YERUSD_otc has had no ticks for 46s while other assets kept flowing; re-nudging subscription
2026-09-10 22:33:36,278 | WARNING | ZARUSD_otc has had no ticks for 46s while other assets kept flowing; re-nudging subscription
2026-09-10 22:33:36,278 | WARNING | BTCGBP has had no ticks for 46s while other assets kept flowing; re-nudging subscription
2026-09-10 22:33:36,279 | WARNING | BTCJPY has had no ticks for 46s while other assets kept flowing; re-nudging subscription
2026-09-10 22:33:36,279 | WARNING | BTCUSD has had no ticks for 46s while other assets kept flowing; re-nudging subscription
2026-09-10 22:33:43,242 | INFO | Resubscribed 120 asset(s) (0 priority, 120 paced) in 47.95s
2026-09-10 22:33:56,233 | INFO | heartbeat: authorized=True subscribed_assets=120 last_tick_age=5s
2026-09-10 22:34:05,665 | INFO | 127.0.0.1 [10/Sep/2026:22:34:05 +0100] "GET /api/assets HTTP/1.1" 200 50028 "-" "Mozilla/5.0 (X11; Linux x86_64) AppleWebKit/537.36 (KHTML, like Gecko) Chrome/147.0.0.0 Safari/537.36"
2026-09-10 22:34:11,776 | INFO | 127.0.0.1 [10/Sep/2026:22:34:11 +0100] "GET / HTTP/1.1" 200 27903 "-" "Mozilla/5.0 (X11; Linux x86_64) AppleWebKit/537.36 (KHTML, like Gecko) Chrome/147.0.0.0 Safari/537.36"
2026-09-10 22:34:11,933 | INFO | 127.0.0.1 [10/Sep/2026:22:34:11 +0100] "GET /api/assets HTTP/1.1" 200 50028 "http://127.0.0.1:8081/" "Mozilla/5.0 (X11; Linux x86_64) AppleWebKit/537.36 (KHTML, like Gecko) Chrome/147.0.0.0 Safari/537.36"
2026-09-10 22:34:15,009 | INFO | 127.0.0.1 [10/Sep/2026:22:34:14 +0100] "GET /api/candles?asset=%23AAPL_otc&timeframe=60&count=300 HTTP/1.1" 200 747 "http://127.0.0.1:8081/" "Mozilla/5.0 (X11; Linux x86_64) AppleWebKit/537.36 (KHTML, like Gecko) Chrome/147.0.0.0 Safari/537.36"
2026-09-10 22:34:16,251 | INFO | heartbeat: authorized=True subscribed_assets=151 last_tick_age=1s
2026-09-10 22:34:17,748 | INFO | 127.0.0.1 [10/Sep/2026:22:34:17 +0100] "GET /api/candles?asset=%23AAPL_otc&timeframe=1&count=300 HTTP/1.1" 200 13557 "http://127.0.0.1:8081/" "Mozilla/5.0 (X11; Linux x86_64) AppleWebKit/537.36 (KHTML, like Gecko) Chrome/147.0.0.0 Safari/537.36"
2026-09-10 22:34:36,280 | INFO | heartbeat: authorized=True subscribed_assets=151 last_tick_age=0s
2026-09-10 22:34:56,281 | INFO | heartbeat: authorized=True subscribed_assets=151 last_tick_age=0s
2026-09-10 22:35:16,284 | INFO | heartbeat: authorized=True subscribed_assets=151 last_tick_age=0s
2026-09-10 22:35:36,336 | INFO | heartbeat: authorized=True subscribed_assets=151 last_tick_age=11s
packet queue is empty, aborting
2026-09-10 22:35:42,662 | ERROR | packet queue is empty, aborting
2026-09-10 22:35:54,446 | ERROR | Task exception was never retrieved
future: <Task finished name='Task-128646' coro=<AsyncClient._handle_eio_message() done, defined at /home/ignite/Documents/Personal_Projects/pocket_option-0.4.0/.venv/lib/python3.13/site-packages/socketio/async_client.py:563> exception=ValueError("invalid literal for int() with base 10: b'['")>
Traceback (most recent call last):
  File "/home/ignite/Documents/Personal_Projects/pocket_option-0.4.0/.venv/lib/python3.13/site-packages/socketio/async_client.py", line 574, in _handle_eio_message
    pkt = self.packet_class(encoded_packet=data)
  File "/home/ignite/Documents/Personal_Projects/pocket_option-0.4.0/.venv/lib/python3.13/site-packages/socketio/packet.py", line 43, in __init__
    self.attachment_count = self.decode(encoded_packet) or 0
                            ~~~~~~~~~~~^^^^^^^^^^^^^^^^
  File "/home/ignite/Documents/Personal_Projects/pocket_option-0.4.0/.venv/lib/python3.13/site-packages/socketio/packet.py", line 77, in decode
    self.packet_type = int(ep[0:1])
                       ~~~^^^^^^^^^
ValueError: invalid literal for int() with base 10: b'['
2026-09-10 22:35:56,338 | INFO | heartbeat: authorized=False subscribed_assets=151 last_tick_age=31s
2026-09-10 22:36:16,341 | INFO | heartbeat: authorized=False subscribed_assets=151 last_tick_age=51s
2026-09-10 22:36:25,964 | INFO | Resubscribed 151 asset(s) (0 priority, 151 paced) in 4.72s
2026-09-10 22:36:36,342 | INFO | heartbeat: authorized=True subscribed_assets=151 last_tick_age=0s
2026-09-10 22:36:56,390 | INFO | heartbeat: authorized=True subscribed_assets=151 last_tick_age=0s
2026-09-10 22:37:16,391 | INFO | heartbeat: authorized=True subscribed_assets=151 last_tick_age=0s
2026-09-10 22:37:36,414 | INFO | heartbeat: authorized=True subscribed_assets=151 last_tick_age=0s
2026-09-10 22:37:44,591 | INFO | 127.0.0.1 [10/Sep/2026:22:37:44 +0100] "GET /api/candles?asset=%23AAPL_otc&timeframe=1&count=300 HTTP/1.1" 200 13500 "http://127.0.0.1:8081/" "Mozilla/5.0 (X11; Linux x86_64) AppleWebKit/537.36 (KHTML, like Gecko) Chrome/147.0.0.0 Safari/537.36"
2026-09-10 22:37:56,415 | INFO | heartbeat: authorized=True subscribed_assets=151 last_tick_age=0s
2026-09-10 22:38:16,417 | INFO | heartbeat: authorized=True subscribed_assets=151 last_tick_age=0s
2026-09-10 22:38:36,418 | INFO | heartbeat: authorized=True subscribed_assets=151 last_tick_age=0s
2026-09-10 22:38:56,424 | INFO | heartbeat: authorized=True subscribed_assets=151 last_tick_age=0s
2026-09-10 22:39:16,455 | INFO | heartbeat: authorized=True subscribed_assets=151 last_tick_age=0s
packet queue is empty, aborting
2026-09-10 22:39:32,460 | ERROR | packet queue is empty, aborting
2026-09-10 22:39:36,345 | WARNING | Ignoring malformed 'updateStream' payload: '0{"sid":"7lSIIN60Z-fYJS1pD1KJ"}'
2026-09-10 22:39:36,346 | WARNING | Ignoring malformed 'updateStream' payload: '0{"sid":"7lSIIN60Z-fYJS1pD1KJ"}'
2026-09-10 22:39:36,456 | INFO | heartbeat: authorized=False subscribed_assets=151 last_tick_age=0s
2026-09-10 22:39:48,179 | INFO | Resubscribed 151 asset(s) (0 priority, 151 paced) in 4.74s
2026-09-10 22:39:56,457 | INFO | heartbeat: authorized=True subscribed_assets=151 last_tick_age=9s
2026-09-10 22:40:16,493 | INFO | heartbeat: authorized=True subscribed_assets=151 last_tick_age=8s
2026-09-10 22:40:21,341 | WARNING | JPN225_otc has had no ticks for 49s while other assets kept flowing; re-nudging subscription
2026-09-10 22:40:21,343 | WARNING | KESUSD_otc has had no ticks for 52s while other assets kept flowing; re-nudging subscription
2026-09-10 22:40:21,343 | WARNING | LBPUSD_otc has had no ticks for 52s while other assets kept flowing; re-nudging subscription
2026-09-10 22:40:21,344 | WARNING | LINK_otc has had no ticks for 52s while other assets kept flowing; re-nudging subscription
2026-09-10 22:40:21,345 | WARNING | LTCUSD_otc has had no ticks for 52s while other assets kept flowing; re-nudging subscription
2026-09-10 22:40:21,346 | WARNING | MADUSD_otc has had no ticks for 52s while other assets kept flowing; re-nudging subscription
2026-09-10 22:40:21,346 | WARNING | MARA_otc has had no ticks for 52s while other assets kept flowing; re-nudging subscription
2026-09-10 22:40:21,347 | WARNING | MATIC_otc has had no ticks for 52s while other assets kept flowing; re-nudging subscription
2026-09-10 22:40:21,348 | WARNING | NASUSD_otc has had no ticks for 49s while other assets kept flowing; re-nudging subscription
2026-09-10 22:40:21,349 | WARNING | NFLX_otc has had no ticks for 49s while other assets kept flowing; re-nudging subscription
2026-09-10 22:40:21,350 | WARNING | NGNUSD_otc has had no ticks for 52s while other assets kept flowing; re-nudging subscription
2026-09-10 22:40:21,351 | WARNING | NZDJPY_otc has had no ticks for 49s while other assets kept flowing; re-nudging subscription
2026-09-10 22:40:21,351 | WARNING | NZDUSD_otc has had no ticks for 49s while other assets kept flowing; re-nudging subscription
2026-09-10 22:40:21,352 | WARNING | OMRCNY_otc has had no ticks for 52s while other assets kept flowing; re-nudging subscription
2026-09-10 22:40:21,353 | WARNING | PLTR_otc has had no ticks for 52s while other assets kept flowing; re-nudging subscription
2026-09-10 22:40:21,354 | WARNING | QARCNY_otc has had no ticks for 52s while other assets kept flowing; re-nudging subscription
2026-09-10 22:40:21,355 | WARNING | SARCNY_otc has had no ticks for 52s while other assets kept flowing; re-nudging subscription
2026-09-10 22:40:21,356 | WARNING | SOL-USD_otc has had no ticks for 52s while other assets kept flowing; re-nudging subscription
2026-09-10 22:40:21,357 | WARNING | SP500_otc has had no ticks for 49s while other assets kept flowing; re-nudging subscription
2026-09-10 22:40:21,358 | WARNING | SYPUSD_otc has had no ticks for 52s while other assets kept flowing; re-nudging subscription
2026-09-10 22:40:21,359 | WARNING | TNDUSD_otc has had no ticks for 52s while other assets kept flowing; re-nudging subscription
2026-09-10 22:40:21,360 | WARNING | TON-USD_otc has had no ticks for 52s while other assets kept flowing; re-nudging subscription
2026-09-10 22:40:21,361 | WARNING | TRX-USD_otc has had no ticks for 52s while other assets kept flowing; re-nudging subscription
2026-09-10 22:40:21,362 | WARNING | UAHUSD_otc has had no ticks for 52s while other assets kept flowing; re-nudging subscription
2026-09-10 22:40:21,363 | WARNING | UKBrent_otc has had no ticks for 49s while other assets kept flowing; re-nudging subscription
2026-09-10 22:40:21,364 | WARNING | USCrude_otc has had no ticks for 49s while other assets kept flowing; re-nudging subscription
2026-09-10 22:40:21,365 | WARNING | USDARS_otc has had no ticks for 52s while other assets kept flowing; re-nudging subscription
2026-09-10 22:40:21,366 | WARNING | USDBDT_otc has had no ticks for 52s while other assets kept flowing; re-nudging subscription
2026-09-10 22:40:21,366 | WARNING | USDBRL_otc has had no ticks for 52s while other assets kept flowing; re-nudging subscription
2026-09-10 22:40:21,367 | WARNING | USDCAD_otc has had no ticks for 49s while other assets kept flowing; re-nudging subscription
2026-09-10 22:40:21,367 | WARNING | USDCHF_otc has had no ticks for 49s while other assets kept flowing; re-nudging subscription
2026-09-10 22:40:21,368 | WARNING | USDCLP_otc has had no ticks for 52s while other assets kept flowing; re-nudging subscription
2026-09-10 22:40:21,369 | WARNING | USDCNH_otc has had no ticks for 49s while other assets kept flowing; re-nudging subscription
2026-09-10 22:40:21,369 | WARNING | USDCOP_otc has had no ticks for 52s while other assets kept flowing; re-nudging subscription
2026-09-10 22:40:21,370 | WARNING | USDDZD_otc has had no ticks for 52s while other assets kept flowing; re-nudging subscription
2026-09-10 22:40:21,370 | WARNING | USDEGP_otc has had no ticks for 52s while other assets kept flowing; re-nudging subscription
2026-09-10 22:40:21,371 | WARNING | USDIDR_otc has had no ticks for 52s while other assets kept flowing; re-nudging subscription
2026-09-10 22:40:21,371 | WARNING | USDINR_otc has had no ticks for 49s while other assets kept flowing; re-nudging subscription
2026-09-10 22:40:21,372 | WARNING | USDJPY_otc has had no ticks for 49s while other assets kept flowing; re-nudging subscription
2026-09-10 22:40:21,372 | WARNING | USDMXN_otc has had no ticks for 52s while other assets kept flowing; re-nudging subscription
2026-09-10 22:40:21,373 | WARNING | USDMYR_otc has had no ticks for 52s while other assets kept flowing; re-nudging subscription
2026-09-10 22:40:21,373 | WARNING | USDPHP_otc has had no ticks for 52s while other assets kept flowing; re-nudging subscription
2026-09-10 22:40:21,373 | WARNING | USDPKR_otc has had no ticks for 52s while other assets kept flowing; re-nudging subscription
2026-09-10 22:40:21,374 | WARNING | USDRUB_otc has had no ticks for 49s while other assets kept flowing; re-nudging subscription
2026-09-10 22:40:21,374 | WARNING | USDSGD_otc has had no ticks for 52s while other assets kept flowing; re-nudging subscription
2026-09-10 22:40:21,375 | WARNING | USDTHB_otc has had no ticks for 52s while other assets kept flowing; re-nudging subscription
2026-09-10 22:40:21,375 | WARNING | USDVND_otc has had no ticks for 52s while other assets kept flowing; re-nudging subscription
2026-09-10 22:40:21,375 | WARNING | VISA_otc has had no ticks for 49s while other assets kept flowing; re-nudging subscription
2026-09-10 22:40:21,375 | WARNING | VIX_otc has had no ticks for 52s while other assets kept flowing; re-nudging subscription
2026-09-10 22:40:21,376 | WARNING | XAGUSD_otc has had no ticks for 49s while other assets kept flowing; re-nudging subscription
2026-09-10 22:40:21,376 | WARNING | XAUUSD_otc has had no ticks for 49s while other assets kept flowing; re-nudging subscription
2026-09-10 22:40:21,376 | WARNING | XNGUSD_otc has had no ticks for 49s while other assets kept flowing; re-nudging subscription
2026-09-10 22:40:21,377 | WARNING | XPDUSD_otc has had no ticks for 49s while other assets kept flowing; re-nudging subscription
2026-09-10 22:40:21,377 | WARNING | XPTUSD_otc has had no ticks for 49s while other assets kept flowing; re-nudging subscription
2026-09-10 22:40:21,377 | WARNING | YERUSD_otc has had no ticks for 52s while other assets kept flowing; re-nudging subscription
2026-09-10 22:40:21,378 | WARNING | ZARUSD_otc has had no ticks for 52s while other assets kept flowing; re-nudging subscription
2026-09-10 22:40:21,378 | WARNING | BTCGBP has had no ticks for 50s while other assets kept flowing; re-nudging subscription
2026-09-10 22:40:21,378 | WARNING | BTCJPY has had no ticks for 50s while other assets kept flowing; re-nudging subscription
2026-09-10 22:40:21,379 | WARNING | BTCUSD has had no ticks for 50s while other assets kept flowing; re-nudging subscription
2026-09-10 22:40:21,379 | WARNING | 100GBP has had no ticks for 50s while other assets kept flowing; re-nudging subscription
2026-09-10 22:40:21,379 | WARNING | AUDCAD has had no ticks for 50s while other assets kept flowing; re-nudging subscription
2026-09-10 22:40:21,380 | WARNING | AUDCHF has had no ticks for 50s while other assets kept flowing; re-nudging subscription
2026-09-10 22:40:21,380 | WARNING | AUDJPY has had no ticks for 50s while other assets kept flowing; re-nudging subscription
2026-09-10 22:40:21,380 | WARNING | AUDUSD has had no ticks for 50s while other assets kept flowing; re-nudging subscription
2026-09-10 22:40:21,380 | WARNING | AUS200 has had no ticks for 50s while other assets kept flowing; re-nudging subscription
2026-09-10 22:40:21,381 | WARNING | CAC40 has had no ticks for 50s while other assets kept flowing; re-nudging subscription
2026-09-10 22:40:21,381 | WARNING | CADCHF has had no ticks for 50s while other assets kept flowing; re-nudging subscription
2026-09-10 22:40:21,381 | WARNING | CADJPY has had no ticks for 50s while other assets kept flowing; re-nudging subscription
2026-09-10 22:40:21,382 | WARNING | CHFJPY has had no ticks for 50s while other assets kept flowing; re-nudging subscription
2026-09-10 22:40:21,382 | WARNING | D30EUR has had no ticks for 50s while other assets kept flowing; re-nudging subscription
2026-09-10 22:40:21,382 | WARNING | DJI30 has had no ticks for 50s while other assets kept flowing; re-nudging subscription
2026-09-10 22:40:21,382 | WARNING | E50EUR has had no ticks for 50s while other assets kept flowing; re-nudging subscription
2026-09-10 22:40:21,383 | WARNING | EURCHF has had no ticks for 50s while other assets kept flowing; re-nudging subscription
2026-09-10 22:40:21,383 | WARNING | EURGBP has had no ticks for 50s while other assets kept flowing; re-nudging subscription
2026-09-10 22:40:21,383 | WARNING | EURJPY has had no ticks for 50s while other assets kept flowing; re-nudging subscription
2026-09-10 22:40:21,384 | WARNING | EURUSD has had no ticks for 50s while other assets kept flowing; re-nudging subscription
2026-09-10 22:40:21,384 | WARNING | GBPAUD has had no ticks for 50s while other assets kept flowing; re-nudging subscription
2026-09-10 22:40:21,384 | WARNING | GBPCAD has had no ticks for 50s while other assets kept flowing; re-nudging subscription
2026-09-10 22:40:21,384 | WARNING | GBPCHF has had no ticks for 50s while other assets kept flowing; re-nudging subscription
2026-09-10 22:40:21,385 | WARNING | GBPJPY has had no ticks for 50s while other assets kept flowing; re-nudging subscription
2026-09-10 22:40:21,385 | WARNING | GBPUSD has had no ticks for 50s while other assets kept flowing; re-nudging subscription
2026-09-10 22:40:21,385 | WARNING | H33HKD has had no ticks for 50s while other assets kept flowing; re-nudging subscription
2026-09-10 22:40:21,385 | WARNING | JPN225 has had no ticks for 50s while other assets kept flowing; re-nudging subscription
2026-09-10 22:40:21,386 | WARNING | LNKUSD has had no ticks for 50s while other assets kept flowing; re-nudging subscription
2026-09-10 22:40:21,386 | WARNING | NASUSD has had no ticks for 50s while other assets kept flowing; re-nudging subscription
2026-09-10 22:40:21,386 | WARNING | SP500 has had no ticks for 50s while other assets kept flowing; re-nudging subscription
2026-09-10 22:40:21,386 | WARNING | USDCHF has had no ticks for 50s while other assets kept flowing; re-nudging subscription
2026-09-10 22:40:21,387 | WARNING | ETHUSD has had no ticks for 50s while other assets kept flowing; re-nudging subscription
2026-09-10 22:40:21,387 | WARNING | USDCAD has had no ticks for 50s while other assets kept flowing; re-nudging subscription
2026-09-10 22:40:21,387 | WARNING | USDJPY has had no ticks for 50s while other assets kept flowing; re-nudging subscription
2026-09-10 22:40:36,494 | INFO | heartbeat: authorized=True subscribed_assets=151 last_tick_age=0s
2026-09-10 22:40:56,495 | INFO | heartbeat: authorized=True subscribed_assets=151 last_tick_age=0s
2026-09-10 22:41:16,496 | INFO | heartbeat: authorized=True subscribed_assets=151 last_tick_age=0s
2026-09-10 22:41:36,530 | INFO | heartbeat: authorized=True subscribed_assets=151 last_tick_age=7s
2026-09-10 22:41:56,532 | INFO | heartbeat: authorized=True subscribed_assets=151 last_tick_age=0s
2026-09-10 22:42:16,536 | INFO | heartbeat: authorized=True subscribed_assets=151 last_tick_age=1s
2026-09-10 22:42:36,538 | INFO | heartbeat: authorized=True subscribed_assets=151 last_tick_age=14s
2026-09-10 22:42:56,577 | INFO | heartbeat: authorized=True subscribed_assets=151 last_tick_age=0s
2026-09-10 22:43:16,578 | INFO | heartbeat: authorized=True subscribed_assets=151 last_tick_age=0s
2026-09-10 22:43:36,588 | INFO | heartbeat: authorized=True subscribed_assets=151 last_tick_age=0s
2026-09-10 22:43:56,589 | INFO | heartbeat: authorized=True subscribed_assets=151 last_tick_age=0s
2026-09-10 22:44:16,591 | INFO | heartbeat: authorized=True subscribed_assets=151 last_tick_age=0s
2026-09-10 22:44:36,592 | INFO | heartbeat: authorized=True subscribed_assets=151 last_tick_age=0s
2026-09-10 22:44:56,595 | INFO | heartbeat: authorized=True subscribed_assets=151 last_tick_age=0s
2026-09-10 22:45:16,603 | INFO | heartbeat: authorized=True subscribed_assets=151 last_tick_age=1s
2026-09-10 22:45:36,604 | INFO | heartbeat: authorized=True subscribed_assets=151 last_tick_age=0s
2026-09-10 22:45:56,606 | INFO | heartbeat: authorized=True subscribed_assets=151 last_tick_age=0s
2026-09-10 22:46:16,607 | INFO | heartbeat: authorized=True subscribed_assets=151 last_tick_age=0s
2026-09-10 22:46:36,609 | INFO | heartbeat: authorized=True subscribed_assets=151 last_tick_age=0s
2026-09-10 22:46:56,627 | INFO | heartbeat: authorized=True subscribed_assets=151 last_tick_age=0s
2026-09-10 22:47:16,649 | INFO | heartbeat: authorized=True subscribed_assets=151 last_tick_age=0s
2026-09-10 22:47:36,700 | INFO | heartbeat: authorized=True subscribed_assets=151 last_tick_age=11s
packet queue is empty, aborting
2026-09-10 22:47:39,190 | ERROR | packet queue is empty, aborting
2026-09-10 22:47:44,434 | WARNING | Ignoring malformed 'updateStream' payload: '0{"sid":"01F6NZMzERBSnOhPD1TU"}'
2026-09-10 22:47:44,434 | WARNING | Ignoring malformed 'updateStream' payload: '0{"sid":"01F6NZMzERBSnOhPD1TU"}'
2026-09-10 22:47:56,706 | INFO | heartbeat: authorized=False subscribed_assets=151 last_tick_age=12s
2026-09-10 22:48:09,762 | INFO | Resubscribed 151 asset(s) (0 priority, 151 paced) in 4.76s
2026-09-10 22:48:16,709 | INFO | heartbeat: authorized=True subscribed_assets=151 last_tick_age=3s
2026-09-10 22:48:36,537 | WARNING | OMRCNY_otc has had no ticks for 58s while other assets kept flowing; re-nudging subscription
2026-09-10 22:48:36,538 | WARNING | PLTR_otc has had no ticks for 58s while other assets kept flowing; re-nudging subscription
2026-09-10 22:48:36,539 | WARNING | QARCNY_otc has had no ticks for 58s while other assets kept flowing; re-nudging subscription
2026-09-10 22:48:36,540 | WARNING | SARCNY_otc has had no ticks for 58s while other assets kept flowing; re-nudging subscription
2026-09-10 22:48:36,541 | WARNING | SOL-USD_otc has had no ticks for 58s while other assets kept flowing; re-nudging subscription
2026-09-10 22:48:36,541 | WARNING | SP500_otc has had no ticks for 58s while other assets kept flowing; re-nudging subscription
2026-09-10 22:48:36,542 | WARNING | SYPUSD_otc has had no ticks for 58s while other assets kept flowing; re-nudging subscription
2026-09-10 22:48:36,543 | WARNING | TNDUSD_otc has had no ticks for 58s while other assets kept flowing; re-nudging subscription
2026-09-10 22:48:36,544 | WARNING | TON-USD_otc has had no ticks for 58s while other assets kept flowing; re-nudging subscription
2026-09-10 22:48:36,544 | WARNING | TRX-USD_otc has had no ticks for 58s while other assets kept flowing; re-nudging subscription
2026-09-10 22:48:36,545 | WARNING | UAHUSD_otc has had no ticks for 58s while other assets kept flowing; re-nudging subscription
2026-09-10 22:48:36,546 | WARNING | UKBrent_otc has had no ticks for 58s while other assets kept flowing; re-nudging subscription
2026-09-10 22:48:36,547 | WARNING | USCrude_otc has had no ticks for 58s while other assets kept flowing; re-nudging subscription
2026-09-10 22:48:36,548 | WARNING | USDARS_otc has had no ticks for 58s while other assets kept flowing; re-nudging subscription
2026-09-10 22:48:36,549 | WARNING | USDBDT_otc has had no ticks for 58s while other assets kept flowing; re-nudging subscription
2026-09-10 22:48:36,549 | WARNING | USDBRL_otc has had no ticks for 58s while other assets kept flowing; re-nudging subscription
2026-09-10 22:48:36,550 | WARNING | USDCAD_otc has had no ticks for 58s while other assets kept flowing; re-nudging subscription
2026-09-10 22:48:36,551 | WARNING | USDCHF_otc has had no ticks for 58s while other assets kept flowing; re-nudging subscription
2026-09-10 22:48:36,552 | WARNING | USDCLP_otc has had no ticks for 58s while other assets kept flowing; re-nudging subscription
2026-09-10 22:48:36,553 | WARNING | USDCNH_otc has had no ticks for 58s while other assets kept flowing; re-nudging subscription
2026-09-10 22:48:36,553 | WARNING | USDCOP_otc has had no ticks for 58s while other assets kept flowing; re-nudging subscription
2026-09-10 22:48:36,554 | WARNING | USDDZD_otc has had no ticks for 58s while other assets kept flowing; re-nudging subscription
2026-09-10 22:48:36,555 | WARNING | USDEGP_otc has had no ticks for 58s while other assets kept flowing; re-nudging subscription
2026-09-10 22:48:36,556 | WARNING | USDIDR_otc has had no ticks for 58s while other assets kept flowing; re-nudging subscription
2026-09-10 22:48:36,557 | WARNING | USDINR_otc has had no ticks for 58s while other assets kept flowing; re-nudging subscription
2026-09-10 22:48:36,558 | WARNING | USDJPY_otc has had no ticks for 58s while other assets kept flowing; re-nudging subscription
2026-09-10 22:48:36,559 | WARNING | USDMXN_otc has had no ticks for 58s while other assets kept flowing; re-nudging subscription
2026-09-10 22:48:36,559 | WARNING | USDMYR_otc has had no ticks for 58s while other assets kept flowing; re-nudging subscription
2026-09-10 22:48:36,560 | WARNING | USDPHP_otc has had no ticks for 58s while other assets kept flowing; re-nudging subscription
2026-09-10 22:48:36,561 | WARNING | USDPKR_otc has had no ticks for 58s while other assets kept flowing; re-nudging subscription
2026-09-10 22:48:36,561 | WARNING | USDRUB_otc has had no ticks for 58s while other assets kept flowing; re-nudging subscription
2026-09-10 22:48:36,562 | WARNING | USDSGD_otc has had no ticks for 58s while other assets kept flowing; re-nudging subscription
2026-09-10 22:48:36,563 | WARNING | USDTHB_otc has had no ticks for 58s while other assets kept flowing; re-nudging subscription
2026-09-10 22:48:36,564 | WARNING | USDVND_otc has had no ticks for 58s while other assets kept flowing; re-nudging subscription
2026-09-10 22:48:36,564 | WARNING | VISA_otc has had no ticks for 58s while other assets kept flowing; re-nudging subscription
2026-09-10 22:48:36,565 | WARNING | VIX_otc has had no ticks for 58s while other assets kept flowing; re-nudging subscription
2026-09-10 22:48:36,565 | WARNING | XAGUSD_otc has had no ticks for 58s while other assets kept flowing; re-nudging subscription
2026-09-10 22:48:36,566 | WARNING | XAUUSD_otc has had no ticks for 58s while other assets kept flowing; re-nudging subscription
2026-09-10 22:48:36,566 | WARNING | XNGUSD_otc has had no ticks for 58s while other assets kept flowing; re-nudging subscription
2026-09-10 22:48:36,567 | WARNING | XPDUSD_otc has had no ticks for 58s while other assets kept flowing; re-nudging subscription
2026-09-10 22:48:36,568 | WARNING | XPTUSD_otc has had no ticks for 58s while other assets kept flowing; re-nudging subscription
2026-09-10 22:48:36,568 | WARNING | YERUSD_otc has had no ticks for 58s while other assets kept flowing; re-nudging subscription
2026-09-10 22:48:36,569 | WARNING | ZARUSD_otc has had no ticks for 58s while other assets kept flowing; re-nudging subscription
2026-09-10 22:48:36,569 | WARNING | BTCGBP has had no ticks for 58s while other assets kept flowing; re-nudging subscription
2026-09-10 22:48:36,570 | WARNING | BTCJPY has had no ticks for 58s while other assets kept flowing; re-nudging subscription
2026-09-10 22:48:36,570 | WARNING | BTCUSD has had no ticks for 58s while other assets kept flowing; re-nudging subscription
2026-09-10 22:48:36,571 | WARNING | 100GBP has had no ticks for 58s while other assets kept flowing; re-nudging subscription
2026-09-10 22:48:36,571 | WARNING | AUDCAD has had no ticks for 58s while other assets kept flowing; re-nudging subscription
2026-09-10 22:48:36,571 | WARNING | AUDCHF has had no ticks for 58s while other assets kept flowing; re-nudging subscription
2026-09-10 22:48:36,572 | WARNING | AUDJPY has had no ticks for 58s while other assets kept flowing; re-nudging subscription
2026-09-10 22:48:36,572 | WARNING | AUDUSD has had no ticks for 58s while other assets kept flowing; re-nudging subscription
2026-09-10 22:48:36,573 | WARNING | AUS200 has had no ticks for 58s while other assets kept flowing; re-nudging subscription
2026-09-10 22:48:36,573 | WARNING | CAC40 has had no ticks for 58s while other assets kept flowing; re-nudging subscription
2026-09-10 22:48:36,573 | WARNING | CADCHF has had no ticks for 58s while other assets kept flowing; re-nudging subscription
2026-09-10 22:48:36,574 | WARNING | CADJPY has had no ticks for 58s while other assets kept flowing; re-nudging subscription
2026-09-10 22:48:36,574 | WARNING | CHFJPY has had no ticks for 58s while other assets kept flowing; re-nudging subscription
2026-09-10 22:48:36,574 | WARNING | D30EUR has had no ticks for 58s while other assets kept flowing; re-nudging subscription
2026-09-10 22:48:36,575 | WARNING | DJI30 has had no ticks for 58s while other assets kept flowing; re-nudging subscription
2026-09-10 22:48:36,575 | WARNING | E50EUR has had no ticks for 58s while other assets kept flowing; re-nudging subscription
2026-09-10 22:48:36,575 | WARNING | EURCHF has had no ticks for 58s while other assets kept flowing; re-nudging subscription
2026-09-10 22:48:36,575 | WARNING | EURGBP has had no ticks for 58s while other assets kept flowing; re-nudging subscription
2026-09-10 22:48:36,576 | WARNING | EURJPY has had no ticks for 58s while other assets kept flowing; re-nudging subscription
2026-09-10 22:48:36,576 | WARNING | EURUSD has had no ticks for 58s while other assets kept flowing; re-nudging subscription
2026-09-10 22:48:36,576 | WARNING | GBPAUD has had no ticks for 58s while other assets kept flowing; re-nudging subscription
2026-09-10 22:48:36,577 | WARNING | GBPCAD has had no ticks for 58s while other assets kept flowing; re-nudging subscription
2026-09-10 22:48:36,577 | WARNING | GBPCHF has had no ticks for 58s while other assets kept flowing; re-nudging subscription
2026-09-10 22:48:36,577 | WARNING | GBPJPY has had no ticks for 58s while other assets kept flowing; re-nudging subscription
2026-09-10 22:48:36,578 | WARNING | GBPUSD has had no ticks for 58s while other assets kept flowing; re-nudging subscription
2026-09-10 22:48:36,578 | WARNING | H33HKD has had no ticks for 58s while other assets kept flowing; re-nudging subscription
2026-09-10 22:48:36,578 | WARNING | JPN225 has had no ticks for 58s while other assets kept flowing; re-nudging subscription
2026-09-10 22:48:36,578 | WARNING | LNKUSD has had no ticks for 58s while other assets kept flowing; re-nudging subscription
2026-09-10 22:48:36,579 | WARNING | NASUSD has had no ticks for 58s while other assets kept flowing; re-nudging subscription
2026-09-10 22:48:36,579 | WARNING | SP500 has had no ticks for 58s while other assets kept flowing; re-nudging subscription
2026-09-10 22:48:36,579 | WARNING | USDCHF has had no ticks for 58s while other assets kept flowing; re-nudging subscription
2026-09-10 22:48:36,579 | WARNING | ETHUSD has had no ticks for 58s while other assets kept flowing; re-nudging subscription
2026-09-10 22:48:36,580 | WARNING | USDCAD has had no ticks for 58s while other assets kept flowing; re-nudging subscription
2026-09-10 22:48:36,580 | WARNING | USDJPY has had no ticks for 58s while other assets kept flowing; re-nudging subscription
2026-09-10 22:48:36,710 | INFO | heartbeat: authorized=True subscribed_assets=151 last_tick_age=0s
2026-09-10 22:48:56,712 | INFO | heartbeat: authorized=True subscribed_assets=151 last_tick_age=0s
2026-09-10 22:49:16,719 | INFO | heartbeat: authorized=True subscribed_assets=151 last_tick_age=0s
2026-09-10 22:49:36,725 | INFO | heartbeat: authorized=True subscribed_assets=151 last_tick_age=0s
2026-09-10 22:49:56,728 | INFO | heartbeat: authorized=True subscribed_assets=151 last_tick_age=0s
2026-09-10 22:50:16,729 | INFO | heartbeat: authorized=True subscribed_assets=151 last_tick_age=0s
2026-09-10 22:50:36,730 | INFO | heartbeat: authorized=True subscribed_assets=151 last_tick_age=0s
2026-09-10 22:50:56,732 | INFO | heartbeat: authorized=True subscribed_assets=151 last_tick_age=0s
2026-09-10 22:51:16,740 | INFO | heartbeat: authorized=True subscribed_assets=151 last_tick_age=0s
2026-09-10 22:51:36,778 | INFO | heartbeat: authorized=True subscribed_assets=151 last_tick_age=0s
2026-09-10 22:51:56,779 | INFO | heartbeat: authorized=True subscribed_assets=151 last_tick_age=0s
2026-09-10 22:52:16,781 | INFO | heartbeat: authorized=True subscribed_assets=151 last_tick_age=0s
2026-09-10 22:52:36,782 | INFO | heartbeat: authorized=True subscribed_assets=151 last_tick_age=0s
2026-09-10 22:52:56,783 | INFO | heartbeat: authorized=True subscribed_assets=151 last_tick_age=0s
2026-09-10 22:53:16,800 | INFO | heartbeat: authorized=True subscribed_assets=151 last_tick_age=0s
packet queue is empty, aborting
2026-09-10 22:53:34,076 | ERROR | packet queue is empty, aborting
2026-09-10 22:53:36,813 | INFO | heartbeat: authorized=True subscribed_assets=151 last_tick_age=13s
2026-09-10 22:53:56,814 | INFO | heartbeat: authorized=False subscribed_assets=151 last_tick_age=33s
2026-09-10 22:54:08,492 | WARNING | Ignoring malformed 'updateStream' payload: '0{"sid":"cvfOKSJbn_-X6-v5D1ax"}'
2026-09-10 22:54:08,493 | WARNING | Ignoring malformed 'updateStream' payload: '0{"sid":"cvfOKSJbn_-X6-v5D1ax"}'
2026-09-10 22:54:16,817 | INFO | heartbeat: authorized=True subscribed_assets=151 last_tick_age=0s
2026-09-10 22:54:19,418 | INFO | Resubscribed 151 asset(s) (0 priority, 151 paced) in 4.75s
2026-09-10 22:54:36,819 | INFO | heartbeat: authorized=True subscribed_assets=151 last_tick_age=0s
2026-09-10 22:54:56,821 | INFO | heartbeat: authorized=True subscribed_assets=151 last_tick_age=0s
2026-09-10 22:55:16,821 | INFO | heartbeat: authorized=True subscribed_assets=151 last_tick_age=0s
2026-09-10 22:55:36,852 | INFO | heartbeat: authorized=True subscribed_assets=151 last_tick_age=0s
2026-09-10 22:55:56,853 | INFO | heartbeat: authorized=True subscribed_assets=151 last_tick_age=0s
2026-09-10 22:56:16,854 | INFO | heartbeat: authorized=True subscribed_assets=151 last_tick_age=0s
2026-09-10 22:56:36,855 | INFO | heartbeat: authorized=True subscribed_assets=151 last_tick_age=0s
2026-09-10 22:56:56,855 | INFO | heartbeat: authorized=True subscribed_assets=151 last_tick_age=0s
2026-09-10 22:57:16,864 | INFO | heartbeat: authorized=True subscribed_assets=151 last_tick_age=0s
2026-09-10 22:57:36,865 | INFO | heartbeat: authorized=True subscribed_assets=151 last_tick_age=0s
2026-09-10 22:57:56,866 | INFO | heartbeat: authorized=True subscribed_assets=151 last_tick_age=0s
2026-09-10 22:58:16,869 | INFO | heartbeat: authorized=True subscribed_assets=151 last_tick_age=0s
2026-09-10 22:58:36,877 | INFO | heartbeat: authorized=True subscribed_assets=151 last_tick_age=0s
2026-09-10 22:58:56,904 | INFO | heartbeat: authorized=True subscribed_assets=151 last_tick_age=0s
2026-09-10 22:59:16,919 | INFO | heartbeat: authorized=True subscribed_assets=151 last_tick_age=13s
2026-09-10 22:59:36,926 | INFO | heartbeat: authorized=True subscribed_assets=151 last_tick_age=0s
2026-09-10 22:59:56,953 | INFO | heartbeat: authorized=True subscribed_assets=151 last_tick_age=9s
packet queue is empty, aborting
2026-09-10 22:59:58,059 | ERROR | packet queue is empty, aborting
2026-09-10 23:00:16,969 | INFO | heartbeat: authorized=True subscribed_assets=151 last_tick_age=29s
